<?xml version="1.0" encoding="UTF-8"?>
<testsuites>
  <testsuite name="" tests="180" assertions="1473" errors="0" failures="0" skipped="0" time="7.903227">
    <testsuite name="Unit" tests="30" assertions="244" errors="0" failures="0" skipped="0" time="0.474494">
      <testsuite name="Tests\Unit\Playground\Admin\Resource\Http\Controllers\UserController\InstanceTest" file="/app/tests/Unit/Http/Controllers/UserController/InstanceTest.php" tests="1" assertions="2" errors="0" failures="0" skipped="0" time="0.232167">
        <testcase name="test_UserProvidergetUserClass_with_invalid_user_class" file="/app/tests/Unit/Http/Controllers/UserController/InstanceTest.php" line="22" class="Tests\Unit\Playground\Admin\Resource\Http\Controllers\UserController\InstanceTest" classname="Tests.Unit.Playground.Admin.Resource.Http.Controllers.UserController.InstanceTest" assertions="2" time="0.232167"/>
      </testsuite>
      <testsuite name="Tests\Unit\Playground\Admin\Resource\Http\Requests\FormRequest\InstanceTest" file="/app/tests/Unit/Http/Requests/FormRequest/InstanceTest.php" tests="5" assertions="6" errors="0" failures="0" skipped="0" time="0.050567">
        <testcase name="test_FormRequest_authorize_without_user" file="/app/tests/Unit/Http/Requests/FormRequest/InstanceTest.php" line="24" class="Tests\Unit\Playground\Admin\Resource\Http\Requests\FormRequest\InstanceTest" classname="Tests.Unit.Playground.Admin.Resource.Http.Requests.FormRequest.InstanceTest" assertions="1" time="0.010041"/>
        <testcase name="test_RULES_is_empty_by_default" file="/app/tests/Unit/Http/Requests/FormRequest/InstanceTest.php" line="31" class="Tests\Unit\Playground\Admin\Resource\Http\Requests\FormRequest\InstanceTest" classname="Tests.Unit.Playground.Admin.Resource.Http.Requests.FormRequest.InstanceTest" assertions="2" time="0.003955"/>
        <testcase name="test_userHasAdminPrivileges_without_user" file="/app/tests/Unit/Http/Requests/FormRequest/InstanceTest.php" line="39" class="Tests\Unit\Playground\Admin\Resource\Http\Requests\FormRequest\InstanceTest" classname="Tests.Unit.Playground.Admin.Resource.Http.Requests.FormRequest.InstanceTest" assertions="1" time="0.003880"/>
        <testcase name="test_userHasAdminPrivileges_with_admin" file="/app/tests/Unit/Http/Requests/FormRequest/InstanceTest.php" line="46" class="Tests\Unit\Playground\Admin\Resource\Http\Requests\FormRequest\InstanceTest" classname="Tests.Unit.Playground.Admin.Resource.Http.Requests.FormRequest.InstanceTest" assertions="1" time="0.025130"/>
        <testcase name="test_userHasAdminPrivileges_with_default_laravel_user" file="/app/tests/Unit/Http/Requests/FormRequest/InstanceTest.php" line="58" class="Tests\Unit\Playground\Admin\Resource\Http\Requests\FormRequest\InstanceTest" classname="Tests.Unit.Playground.Admin.Resource.Http.Requests.FormRequest.InstanceTest" assertions="1" time="0.007561"/>
      </testsuite>
      <testsuite name="Tests\Unit\Playground\Admin\Resource\Http\Requests\Setting\CreateRequestTest" file="/app/tests/Unit/Http/Requests/Setting/CreateRequestTest.php" tests="1" assertions="1" errors="0" failures="0" skipped="0" time="0.021359">
        <testcase name="test_request_instance" file="/app/vendor/gammamatrix/playground-test/src/Unit/Http/Requests/RequestCase.php" line="39" class="Tests\Unit\Playground\Admin\Resource\Http\Requests\Setting\CreateRequestTest" classname="Tests.Unit.Playground.Admin.Resource.Http.Requests.Setting.CreateRequestTest" assertions="1" time="0.021359"/>
      </testsuite>
      <testsuite name="Tests\Unit\Playground\Admin\Resource\Http\Requests\User\CreateRequestTest" file="/app/tests/Unit/Http/Requests/User/CreateRequestTest.php" tests="3" assertions="51" errors="0" failures="0" skipped="0" time="0.025748">
        <testcase name="test_return_playground_rules" file="/app/tests/Unit/Http/Requests/User/CreateRequestTest.php" line="20" class="Tests\Unit\Playground\Admin\Resource\Http\Requests\User\CreateRequestTest" classname="Tests.Unit.Playground.Admin.Resource.Http.Requests.User.CreateRequestTest" assertions="45" time="0.017642"/>
        <testcase name="test_return_laravel_rules" file="/app/tests/Unit/Http/Requests/User/CreateRequestTest.php" line="81" class="Tests\Unit\Playground\Admin\Resource\Http\Requests\User\CreateRequestTest" classname="Tests.Unit.Playground.Admin.Resource.Http.Requests.User.CreateRequestTest" assertions="5" time="0.004235"/>
        <testcase name="test_request_instance" file="/app/vendor/gammamatrix/playground-test/src/Unit/Http/Requests/RequestCase.php" line="39" class="Tests\Unit\Playground\Admin\Resource\Http\Requests\User\CreateRequestTest" classname="Tests.Unit.Playground.Admin.Resource.Http.Requests.User.CreateRequestTest" assertions="1" time="0.003871"/>
      </testsuite>
      <testsuite name="Tests\Unit\Playground\Admin\Resource\Http\Requests\User\EditRequestTest" file="/app/tests/Unit/Http/Requests/User/EditRequestTest.php" tests="3" assertions="51" errors="0" failures="0" skipped="0" time="0.026021">
        <testcase name="test_return_playground_rules" file="/app/tests/Unit/Http/Requests/User/EditRequestTest.php" line="20" class="Tests\Unit\Playground\Admin\Resource\Http\Requests\User\EditRequestTest" classname="Tests.Unit.Playground.Admin.Resource.Http.Requests.User.EditRequestTest" assertions="45" time="0.017867"/>
        <testcase name="test_return_laravel_rules" file="/app/tests/Unit/Http/Requests/User/EditRequestTest.php" line="81" class="Tests\Unit\Playground\Admin\Resource\Http\Requests\User\EditRequestTest" classname="Tests.Unit.Playground.Admin.Resource.Http.Requests.User.EditRequestTest" assertions="5" time="0.004195"/>
        <testcase name="test_request_instance" file="/app/vendor/gammamatrix/playground-test/src/Unit/Http/Requests/RequestCase.php" line="39" class="Tests\Unit\Playground\Admin\Resource\Http\Requests\User\EditRequestTest" classname="Tests.Unit.Playground.Admin.Resource.Http.Requests.User.EditRequestTest" assertions="1" time="0.003959"/>
      </testsuite>
      <testsuite name="Tests\Unit\Playground\Admin\Resource\Http\Requests\User\StoreRequestTest" file="/app/tests/Unit/Http/Requests/User/StoreRequestTest.php" tests="6" assertions="62" errors="0" failures="0" skipped="0" time="0.048977">
        <testcase name="test_return_playground_rules" file="/app/tests/Unit/Http/Requests/User/StoreRequestTest.php" line="23" class="Tests\Unit\Playground\Admin\Resource\Http\Requests\User\StoreRequestTest" classname="Tests.Unit.Playground.Admin.Resource.Http.Requests.User.StoreRequestTest" assertions="45" time="0.023327"/>
        <testcase name="test_return_laravel_rules" file="/app/tests/Unit/Http/Requests/User/StoreRequestTest.php" line="84" class="Tests\Unit\Playground\Admin\Resource\Http\Requests\User\StoreRequestTest" classname="Tests.Unit.Playground.Admin.Resource.Http.Requests.User.StoreRequestTest" assertions="5" time="0.004239"/>
        <testcase name="test_prepareForValidation_for_laravel" file="/app/tests/Unit/Http/Requests/User/StoreRequestTest.php" line="108" class="Tests\Unit\Playground\Admin\Resource\Http\Requests\User\StoreRequestTest" classname="Tests.Unit.Playground.Admin.Resource.Http.Requests.User.StoreRequestTest" assertions="1" time="0.004194"/>
        <testcase name="test_prepareForValidation_for_playground" file="/app/tests/Unit/Http/Requests/User/StoreRequestTest.php" line="118" class="Tests\Unit\Playground\Admin\Resource\Http\Requests\User\StoreRequestTest" classname="Tests.Unit.Playground.Admin.Resource.Http.Requests.User.StoreRequestTest" assertions="1" time="0.004879"/>
        <testcase name="test_prepareForValidation_parameters" file="/app/tests/Unit/Http/Requests/User/StoreRequestTest.php" line="128" class="Tests\Unit\Playground\Admin\Resource\Http\Requests\User\StoreRequestTest" classname="Tests.Unit.Playground.Admin.Resource.Http.Requests.User.StoreRequestTest" assertions="9" time="0.008458"/>
        <testcase name="test_request_instance" file="/app/vendor/gammamatrix/playground-test/src/Unit/Http/Requests/RequestCase.php" line="39" class="Tests\Unit\Playground\Admin\Resource\Http\Requests\User\StoreRequestTest" classname="Tests.Unit.Playground.Admin.Resource.Http.Requests.User.StoreRequestTest" assertions="1" time="0.003881"/>
      </testsuite>
      <testsuite name="Tests\Unit\Playground\Admin\Resource\Http\Requests\User\UpdateRequestTest" file="/app/tests/Unit/Http/Requests/User/UpdateRequestTest.php" tests="6" assertions="62" errors="0" failures="0" skipped="0" time="0.048370">
        <testcase name="test_return_playground_rules" file="/app/tests/Unit/Http/Requests/User/UpdateRequestTest.php" line="23" class="Tests\Unit\Playground\Admin\Resource\Http\Requests\User\UpdateRequestTest" classname="Tests.Unit.Playground.Admin.Resource.Http.Requests.User.UpdateRequestTest" assertions="45" time="0.025609"/>
        <testcase name="test_return_laravel_rules" file="/app/tests/Unit/Http/Requests/User/UpdateRequestTest.php" line="84" class="Tests\Unit\Playground\Admin\Resource\Http\Requests\User\UpdateRequestTest" classname="Tests.Unit.Playground.Admin.Resource.Http.Requests.User.UpdateRequestTest" assertions="5" time="0.004174"/>
        <testcase name="test_prepareForValidation_for_laravel" file="/app/tests/Unit/Http/Requests/User/UpdateRequestTest.php" line="108" class="Tests\Unit\Playground\Admin\Resource\Http\Requests\User\UpdateRequestTest" classname="Tests.Unit.Playground.Admin.Resource.Http.Requests.User.UpdateRequestTest" assertions="1" time="0.004061"/>
        <testcase name="test_prepareForValidation_for_playground" file="/app/tests/Unit/Http/Requests/User/UpdateRequestTest.php" line="118" class="Tests\Unit\Playground\Admin\Resource\Http\Requests\User\UpdateRequestTest" classname="Tests.Unit.Playground.Admin.Resource.Http.Requests.User.UpdateRequestTest" assertions="1" time="0.004747"/>
        <testcase name="test_prepareForValidation_parameters" file="/app/tests/Unit/Http/Requests/User/UpdateRequestTest.php" line="128" class="Tests\Unit\Playground\Admin\Resource\Http\Requests\User\UpdateRequestTest" classname="Tests.Unit.Playground.Admin.Resource.Http.Requests.User.UpdateRequestTest" assertions="9" time="0.005913"/>
        <testcase name="test_request_instance" file="/app/vendor/gammamatrix/playground-test/src/Unit/Http/Requests/RequestCase.php" line="39" class="Tests\Unit\Playground\Admin\Resource\Http\Requests\User\UpdateRequestTest" classname="Tests.Unit.Playground.Admin.Resource.Http.Requests.User.UpdateRequestTest" assertions="1" time="0.003866"/>
      </testsuite>
      <testsuite name="Tests\Unit\Playground\Admin\Resource\Policies\SettingPolicy\PolicyTest" file="/app/tests/Unit/Policies/SettingPolicy/PolicyTest.php" tests="1" assertions="1" errors="0" failures="0" skipped="0" time="0.003896">
        <testcase name="test_policy_instance" file="/app/tests/Unit/Policies/SettingPolicy/PolicyTest.php" line="18" class="Tests\Unit\Playground\Admin\Resource\Policies\SettingPolicy\PolicyTest" classname="Tests.Unit.Playground.Admin.Resource.Policies.SettingPolicy.PolicyTest" assertions="1" time="0.003896"/>
      </testsuite>
      <testsuite name="Tests\Unit\Playground\Admin\Resource\ServiceProvider\InstanceTest" file="/app/tests/Unit/ServiceProvider/InstanceTest.php" tests="4" assertions="8" errors="0" failures="0" skipped="0" time="0.017389">
        <testcase name="test_version_matches" file="/app/tests/Unit/ServiceProvider/InstanceTest.php" line="18" class="Tests\Unit\Playground\Admin\Resource\ServiceProvider\InstanceTest" classname="Tests.Unit.Playground.Admin.Resource.ServiceProvider.InstanceTest" assertions="3" time="0.004151"/>
        <testcase name="test_setPolicies_with_empty_array" file="/app/tests/Unit/ServiceProvider/InstanceTest.php" line="27" class="Tests\Unit\Playground\Admin\Resource\ServiceProvider\InstanceTest" classname="Tests.Unit.Playground.Admin.Resource.ServiceProvider.InstanceTest" assertions="1" time="0.003860"/>
        <testcase name="test_setPolicies_with_invalid_model" file="/app/tests/Unit/ServiceProvider/InstanceTest.php" line="41" class="Tests\Unit\Playground\Admin\Resource\ServiceProvider\InstanceTest" classname="Tests.Unit.Playground.Admin.Resource.ServiceProvider.InstanceTest" assertions="2" time="0.005134"/>
        <testcase name="test_setPolicies_with_invalid_policy" file="/app/tests/Unit/ServiceProvider/InstanceTest.php" line="70" class="Tests\Unit\Playground\Admin\Resource\ServiceProvider\InstanceTest" classname="Tests.Unit.Playground.Admin.Resource.ServiceProvider.InstanceTest" assertions="2" time="0.004244"/>
      </testsuite>
    </testsuite>
    <testsuite name="Feature" tests="150" assertions="1229" errors="0" failures="0" skipped="0" time="7.428733">
      <testsuite name="Tests\Feature\Playground\Admin\Resource\Console\Commands\About\CommandTest" file="/app/tests/Feature/Console/Commands/About/CommandTest.php" tests="1" assertions="2" errors="0" failures="0" skipped="0" time="0.253716">
        <testcase name="test_command_about_displays_package_information_and_succeed_with_code_0" file="/app/tests/Feature/Console/Commands/About/CommandTest.php" line="19" class="Tests\Feature\Playground\Admin\Resource\Console\Commands\About\CommandTest" classname="Tests.Feature.Playground.Admin.Resource.Console.Commands.About.CommandTest" assertions="2" time="0.253716"/>
      </testsuite>
      <testsuite name="Tests\Feature\Playground\Admin\Resource\Http\Controllers\Playground\IndexRouteTest" file="/app/tests/Feature/Http/Controllers/Playground/IndexRouteTest.php" tests="2" assertions="3" errors="0" failures="0" skipped="0" time="0.122850">
        <testcase name="test_guest_cannot_render_index_view" file="/app/tests/Feature/Http/Controllers/Playground/IndexRouteTest.php" line="19" class="Tests\Feature\Playground\Admin\Resource\Http\Controllers\Playground\IndexRouteTest" classname="Tests.Feature.Playground.Admin.Resource.Http.Controllers.Playground.IndexRouteTest" assertions="1" time="0.049289"/>
        <testcase name="test_admin_can_render_index_view" file="/app/tests/Feature/Http/Controllers/Playground/IndexRouteTest.php" line="28" class="Tests\Feature\Playground\Admin\Resource\Http\Controllers\Playground\IndexRouteTest" classname="Tests.Feature.Playground.Admin.Resource.Http.Controllers.Playground.IndexRouteTest" assertions="2" time="0.073562"/>
      </testsuite>
      <testsuite name="Tests\Feature\Playground\Admin\Resource\Http\Controllers\Playground\SettingRouteTest" file="/app/tests/Feature/Http/Controllers/Playground/SettingRouteTest.php" tests="73" assertions="669" errors="0" failures="0" skipped="0" time="3.733948">
        <testcase name="test_json_guest_cannot_get_create_info" file="/app/vendor/gammamatrix/playground-test/src/Feature/Http/Controllers/Resource/Playground/CreateJsonTrait.php" line="36" class="Tests\Feature\Playground\Admin\Resource\Http\Controllers\Playground\SettingRouteTest" classname="Tests.Feature.Playground.Admin.Resource.Http.Controllers.Playground.SettingRouteTest" assertions="1" time="0.080136"/>
        <testcase name="test_json_admin_can_get_create_info" file="/app/vendor/gammamatrix/playground-test/src/Feature/Http/Controllers/Resource/Playground/CreateJsonTrait.php" line="51" class="Tests\Feature\Playground\Admin\Resource\Http\Controllers\Playground\SettingRouteTest" classname="Tests.Feature.Playground.Admin.Resource.Http.Controllers.Playground.SettingRouteTest" assertions="49" time="0.049516"/>
        <testcase name="test_json_get_create_info_as_admin_with_invalid_parameter_and_fail_validation" file="/app/vendor/gammamatrix/playground-test/src/Feature/Http/Controllers/Resource/Playground/CreateJsonTrait.php" line="71" class="Tests\Feature\Playground\Admin\Resource\Http\Controllers\Playground\SettingRouteTest" classname="Tests.Feature.Playground.Admin.Resource.Http.Controllers.Playground.SettingRouteTest" assertions="4" time="0.039924"/>
        <testcase name="test_guest_cannot_render_create_view" file="/app/vendor/gammamatrix/playground-test/src/Feature/Http/Controllers/Resource/Playground/CreateTrait.php" line="31" class="Tests\Feature\Playground\Admin\Resource\Http\Controllers\Playground\SettingRouteTest" classname="Tests.Feature.Playground.Admin.Resource.Http.Controllers.Playground.SettingRouteTest" assertions="1" time="0.026179"/>
        <testcase name="test_admin_can_render_create_view" file="/app/vendor/gammamatrix/playground-test/src/Feature/Http/Controllers/Resource/Playground/CreateTrait.php" line="45" class="Tests\Feature\Playground\Admin\Resource\Http\Controllers\Playground\SettingRouteTest" classname="Tests.Feature.Playground.Admin.Resource.Http.Controllers.Playground.SettingRouteTest" assertions="2" time="0.123077"/>
        <testcase name="test_admin_can_render_create_view_with_return_url" file="/app/vendor/gammamatrix/playground-test/src/Feature/Http/Controllers/Resource/Playground/CreateTrait.php" line="63" class="Tests\Feature\Playground\Admin\Resource\Http\Controllers\Playground\SettingRouteTest" classname="Tests.Feature.Playground.Admin.Resource.Http.Controllers.Playground.SettingRouteTest" assertions="3" time="0.059656"/>
        <testcase name="test_create_view_as_admin_with_invalid_parameter_and_fail_validation_and_redirect" file="/app/vendor/gammamatrix/playground-test/src/Feature/Http/Controllers/Resource/Playground/CreateTrait.php" line="90" class="Tests\Feature\Playground\Admin\Resource\Http\Controllers\Playground\SettingRouteTest" classname="Tests.Feature.Playground.Admin.Resource.Http.Controllers.Playground.SettingRouteTest" assertions="5" time="0.043164"/>
        <testcase name="test_json_guest_cannot_destroy" file="/app/vendor/gammamatrix/playground-test/src/Feature/Http/Controllers/Resource/Playground/DestroyJsonTrait.php" line="29" class="Tests\Feature\Playground\Admin\Resource\Http\Controllers\Playground\SettingRouteTest" classname="Tests.Feature.Playground.Admin.Resource.Http.Controllers.Playground.SettingRouteTest" assertions="3" time="0.032677"/>
        <testcase name="test_json_destroy_as_admin_and_succeed" file="/app/vendor/gammamatrix/playground-test/src/Feature/Http/Controllers/Resource/Playground/DestroyJsonTrait.php" line="59" class="Tests\Feature\Playground\Admin\Resource\Http\Controllers\Playground\SettingRouteTest" classname="Tests.Feature.Playground.Admin.Resource.Http.Controllers.Playground.SettingRouteTest" assertions="5" time="0.048618"/>
        <testcase name="test_json_destroy_as_admin_and_succeed_with_force_delete" file="/app/vendor/gammamatrix/playground-test/src/Feature/Http/Controllers/Resource/Playground/DestroyJsonTrait.php" line="98" class="Tests\Feature\Playground\Admin\Resource\Http\Controllers\Playground\SettingRouteTest" classname="Tests.Feature.Playground.Admin.Resource.Http.Controllers.Playground.SettingRouteTest" assertions="4" time="0.044822"/>
        <testcase name="test_json_destroy_as_admin_and_succeed_with_no_content" file="/app/vendor/gammamatrix/playground-test/src/Feature/Http/Controllers/Resource/Playground/DestroyJsonTrait.php" line="130" class="Tests\Feature\Playground\Admin\Resource\Http\Controllers\Playground\SettingRouteTest" classname="Tests.Feature.Playground.Admin.Resource.Http.Controllers.Playground.SettingRouteTest" assertions="5" time="0.043342"/>
        <testcase name="test_json_destroy_as_admin_and_succeed_and_ignore_redirect" file="/app/vendor/gammamatrix/playground-test/src/Feature/Http/Controllers/Resource/Playground/DestroyJsonTrait.php" line="165" class="Tests\Feature\Playground\Admin\Resource\Http\Controllers\Playground\SettingRouteTest" classname="Tests.Feature.Playground.Admin.Resource.Http.Controllers.Playground.SettingRouteTest" assertions="5" time="0.042669"/>
        <testcase name="test_json_destroy_as_user_and_get_denied_and_no_force_delete_allowed" file="/app/vendor/gammamatrix/playground-test/src/Feature/Http/Controllers/Resource/Playground/DestroyJsonTrait.php" line="207" class="Tests\Feature\Playground\Admin\Resource\Http\Controllers\Playground\SettingRouteTest" classname="Tests.Feature.Playground.Admin.Resource.Http.Controllers.Playground.SettingRouteTest" assertions="3" time="0.049683"/>
        <testcase name="test_guest_cannot_destroy" file="/app/vendor/gammamatrix/playground-test/src/Feature/Http/Controllers/Resource/Playground/DestroyTrait.php" line="29" class="Tests\Feature\Playground\Admin\Resource\Http\Controllers\Playground\SettingRouteTest" classname="Tests.Feature.Playground.Admin.Resource.Http.Controllers.Playground.SettingRouteTest" assertions="3" time="0.032400"/>
        <testcase name="test_destroy_as_admin_and_succeed" file="/app/vendor/gammamatrix/playground-test/src/Feature/Http/Controllers/Resource/Playground/DestroyTrait.php" line="59" class="Tests\Feature\Playground\Admin\Resource\Http\Controllers\Playground\SettingRouteTest" classname="Tests.Feature.Playground.Admin.Resource.Http.Controllers.Playground.SettingRouteTest" assertions="5" time="0.044308"/>
        <testcase name="test_destroy_as_admin_and_succeed_with_force_delete" file="/app/vendor/gammamatrix/playground-test/src/Feature/Http/Controllers/Resource/Playground/DestroyTrait.php" line="95" class="Tests\Feature\Playground\Admin\Resource\Http\Controllers\Playground\SettingRouteTest" classname="Tests.Feature.Playground.Admin.Resource.Http.Controllers.Playground.SettingRouteTest" assertions="4" time="0.042245"/>
        <testcase name="test_destroy_as_admin_and_succeed_with_redirect_to_index_with_trash" file="/app/vendor/gammamatrix/playground-test/src/Feature/Http/Controllers/Resource/Playground/DestroyTrait.php" line="127" class="Tests\Feature\Playground\Admin\Resource\Http\Controllers\Playground\SettingRouteTest" classname="Tests.Feature.Playground.Admin.Resource.Http.Controllers.Playground.SettingRouteTest" assertions="5" time="0.049321"/>
        <testcase name="test_destroy_as_user_and_get_denied_and_no_force_delete_allowed" file="/app/vendor/gammamatrix/playground-test/src/Feature/Http/Controllers/Resource/Playground/DestroyTrait.php" line="169" class="Tests\Feature\Playground\Admin\Resource\Http\Controllers\Playground\SettingRouteTest" classname="Tests.Feature.Playground.Admin.Resource.Http.Controllers.Playground.SettingRouteTest" assertions="3" time="0.043474"/>
        <testcase name="test_json_guest_cannot_get_edit_info" file="/app/vendor/gammamatrix/playground-test/src/Feature/Http/Controllers/Resource/Playground/EditJsonTrait.php" line="36" class="Tests\Feature\Playground\Admin\Resource\Http\Controllers\Playground\SettingRouteTest" classname="Tests.Feature.Playground.Admin.Resource.Http.Controllers.Playground.SettingRouteTest" assertions="1" time="0.031670"/>
        <testcase name="test_json_admin_can_get_edit_info" file="/app/vendor/gammamatrix/playground-test/src/Feature/Http/Controllers/Resource/Playground/EditJsonTrait.php" line="56" class="Tests\Feature\Playground\Admin\Resource\Http\Controllers\Playground\SettingRouteTest" classname="Tests.Feature.Playground.Admin.Resource.Http.Controllers.Playground.SettingRouteTest" assertions="4" time="0.069714"/>
        <testcase name="test_json_edit_as_admin_and_fail_validation_with_invalid_parameter" file="/app/vendor/gammamatrix/playground-test/src/Feature/Http/Controllers/Resource/Playground/EditJsonTrait.php" line="85" class="Tests\Feature\Playground\Admin\Resource\Http\Controllers\Playground\SettingRouteTest" classname="Tests.Feature.Playground.Admin.Resource.Http.Controllers.Playground.SettingRouteTest" assertions="4" time="0.050876"/>
        <testcase name="test_guest_cannot_render_edit_view" file="/app/vendor/gammamatrix/playground-test/src/Feature/Http/Controllers/Resource/Playground/EditTrait.php" line="31" class="Tests\Feature\Playground\Admin\Resource\Http\Controllers\Playground\SettingRouteTest" classname="Tests.Feature.Playground.Admin.Resource.Http.Controllers.Playground.SettingRouteTest" assertions="1" time="0.031576"/>
        <testcase name="test_admin_can_render_edit_view" file="/app/vendor/gammamatrix/playground-test/src/Feature/Http/Controllers/Resource/Playground/EditTrait.php" line="51" class="Tests\Feature\Playground\Admin\Resource\Http\Controllers\Playground\SettingRouteTest" classname="Tests.Feature.Playground.Admin.Resource.Http.Controllers.Playground.SettingRouteTest" assertions="2" time="0.064650"/>
        <testcase name="test_admin_can_render_edit_view_with_return_url" file="/app/vendor/gammamatrix/playground-test/src/Feature/Http/Controllers/Resource/Playground/EditTrait.php" line="75" class="Tests\Feature\Playground\Admin\Resource\Http\Controllers\Playground\SettingRouteTest" classname="Tests.Feature.Playground.Admin.Resource.Http.Controllers.Playground.SettingRouteTest" assertions="3" time="0.066292"/>
        <testcase name="test_edit_view_as_admin_with_invalid_parameter_and_fail_validation_and_redirect" file="/app/vendor/gammamatrix/playground-test/src/Feature/Http/Controllers/Resource/Playground/EditTrait.php" line="107" class="Tests\Feature\Playground\Admin\Resource\Http\Controllers\Playground\SettingRouteTest" classname="Tests.Feature.Playground.Admin.Resource.Http.Controllers.Playground.SettingRouteTest" assertions="4" time="0.049655"/>
        <testcase name="test_json_guest_cannot_get_index" file="/app/vendor/gammamatrix/playground-test/src/Feature/Http/Controllers/Resource/Playground/IndexJsonTrait.php" line="32" class="Tests\Feature\Playground\Admin\Resource\Http\Controllers\Playground\SettingRouteTest" classname="Tests.Feature.Playground.Admin.Resource.Http.Controllers.Playground.SettingRouteTest" assertions="1" time="0.031547"/>
        <testcase name="test_json_admin_can_get_index" file="/app/vendor/gammamatrix/playground-test/src/Feature/Http/Controllers/Resource/Playground/IndexJsonTrait.php" line="47" class="Tests\Feature\Playground\Admin\Resource\Http\Controllers\Playground\SettingRouteTest" classname="Tests.Feature.Playground.Admin.Resource.Http.Controllers.Playground.SettingRouteTest" assertions="56" time="0.124605"/>
        <testcase name="test_json_admin_can_get_index_with_filters" file="/app/vendor/gammamatrix/playground-test/src/Feature/Http/Controllers/Resource/Playground/IndexJsonTrait.php" line="83" class="Tests\Feature\Playground\Admin\Resource\Http\Controllers\Playground\SettingRouteTest" classname="Tests.Feature.Playground.Admin.Resource.Http.Controllers.Playground.SettingRouteTest" assertions="3" time="0.051854"/>
        <testcase name="test_guest_cannot_render_index_view" file="/app/vendor/gammamatrix/playground-test/src/Feature/Http/Controllers/Resource/Playground/IndexTrait.php" line="27" class="Tests\Feature\Playground\Admin\Resource\Http\Controllers\Playground\SettingRouteTest" classname="Tests.Feature.Playground.Admin.Resource.Http.Controllers.Playground.SettingRouteTest" assertions="1" time="0.031436"/>
        <testcase name="test_admin_can_render_index_view" file="/app/vendor/gammamatrix/playground-test/src/Feature/Http/Controllers/Resource/Playground/IndexTrait.php" line="42" class="Tests\Feature\Playground\Admin\Resource\Http\Controllers\Playground\SettingRouteTest" classname="Tests.Feature.Playground.Admin.Resource.Http.Controllers.Playground.SettingRouteTest" assertions="2" time="0.140597"/>
        <testcase name="test_admin_can_render_index_view_with_filters" file="/app/vendor/gammamatrix/playground-test/src/Feature/Http/Controllers/Resource/Playground/IndexTrait.php" line="75" class="Tests\Feature\Playground\Admin\Resource\Http\Controllers\Playground\SettingRouteTest" classname="Tests.Feature.Playground.Admin.Resource.Http.Controllers.Playground.SettingRouteTest" assertions="3" time="0.071762"/>
        <testcase name="test_json_guest_cannot_lock" file="/app/vendor/gammamatrix/playground-test/src/Feature/Http/Controllers/Resource/Playground/LockJsonTrait.php" line="34" class="Tests\Feature\Playground\Admin\Resource\Http\Controllers\Playground\SettingRouteTest" classname="Tests.Feature.Playground.Admin.Resource.Http.Controllers.Playground.SettingRouteTest" assertions="3" time="0.032742"/>
        <testcase name="test_json_lock_as_admin_and_succeed" file="/app/vendor/gammamatrix/playground-test/src/Feature/Http/Controllers/Resource/Playground/LockJsonTrait.php" line="64" class="Tests\Feature\Playground\Admin\Resource\Http\Controllers\Playground\SettingRouteTest" classname="Tests.Feature.Playground.Admin.Resource.Http.Controllers.Playground.SettingRouteTest" assertions="3" time="0.055125"/>
        <testcase name="test_json_lock_as_admin_and_succeed_with_no_redirect" file="/app/vendor/gammamatrix/playground-test/src/Feature/Http/Controllers/Resource/Playground/LockJsonTrait.php" line="96" class="Tests\Feature\Playground\Admin\Resource\Http\Controllers\Playground\SettingRouteTest" classname="Tests.Feature.Playground.Admin.Resource.Http.Controllers.Playground.SettingRouteTest" assertions="51" time="0.048615"/>
        <testcase name="test_json_lock_as_user_and_get_denied" file="/app/vendor/gammamatrix/playground-test/src/Feature/Http/Controllers/Resource/Playground/LockJsonTrait.php" line="141" class="Tests\Feature\Playground\Admin\Resource\Http\Controllers\Playground\SettingRouteTest" classname="Tests.Feature.Playground.Admin.Resource.Http.Controllers.Playground.SettingRouteTest" assertions="3" time="0.041096"/>
        <testcase name="test_guest_cannot_lock" file="/app/vendor/gammamatrix/playground-test/src/Feature/Http/Controllers/Resource/Playground/LockTrait.php" line="29" class="Tests\Feature\Playground\Admin\Resource\Http\Controllers\Playground\SettingRouteTest" classname="Tests.Feature.Playground.Admin.Resource.Http.Controllers.Playground.SettingRouteTest" assertions="3" time="0.032281"/>
        <testcase name="test_lock_as_admin_and_succeed" file="/app/vendor/gammamatrix/playground-test/src/Feature/Http/Controllers/Resource/Playground/LockTrait.php" line="59" class="Tests\Feature\Playground\Admin\Resource\Http\Controllers\Playground\SettingRouteTest" classname="Tests.Feature.Playground.Admin.Resource.Http.Controllers.Playground.SettingRouteTest" assertions="4" time="0.048379"/>
        <testcase name="test_lock_as_admin_and_succeed_with_redirect_to_index_with_sorted_by_locked_desc" file="/app/vendor/gammamatrix/playground-test/src/Feature/Http/Controllers/Resource/Playground/LockTrait.php" line="93" class="Tests\Feature\Playground\Admin\Resource\Http\Controllers\Playground\SettingRouteTest" classname="Tests.Feature.Playground.Admin.Resource.Http.Controllers.Playground.SettingRouteTest" assertions="4" time="0.043713"/>
        <testcase name="test_lock_as_user_and_get_denied" file="/app/vendor/gammamatrix/playground-test/src/Feature/Http/Controllers/Resource/Playground/LockTrait.php" line="130" class="Tests\Feature\Playground\Admin\Resource\Http\Controllers\Playground\SettingRouteTest" classname="Tests.Feature.Playground.Admin.Resource.Http.Controllers.Playground.SettingRouteTest" assertions="3" time="0.047892"/>
        <testcase name="test_json_guest_cannot_restore" file="/app/vendor/gammamatrix/playground-test/src/Feature/Http/Controllers/Resource/Playground/RestoreJsonTrait.php" line="30" class="Tests\Feature\Playground\Admin\Resource\Http\Controllers\Playground\SettingRouteTest" classname="Tests.Feature.Playground.Admin.Resource.Http.Controllers.Playground.SettingRouteTest" assertions="3" time="0.036673"/>
        <testcase name="test_json_restore_as_admin_and_succeed" file="/app/vendor/gammamatrix/playground-test/src/Feature/Http/Controllers/Resource/Playground/RestoreJsonTrait.php" line="62" class="Tests\Feature\Playground\Admin\Resource\Http\Controllers\Playground\SettingRouteTest" classname="Tests.Feature.Playground.Admin.Resource.Http.Controllers.Playground.SettingRouteTest" assertions="51" time="0.050258"/>
        <testcase name="test_json_restore_as_admin_and_succeed_with_no_redirect" file="/app/vendor/gammamatrix/playground-test/src/Feature/Http/Controllers/Resource/Playground/RestoreJsonTrait.php" line="98" class="Tests\Feature\Playground\Admin\Resource\Http\Controllers\Playground\SettingRouteTest" classname="Tests.Feature.Playground.Admin.Resource.Http.Controllers.Playground.SettingRouteTest" assertions="51" time="0.048104"/>
        <testcase name="test_json_restore_as_user_and_get_denied" file="/app/vendor/gammamatrix/playground-test/src/Feature/Http/Controllers/Resource/Playground/RestoreJsonTrait.php" line="141" class="Tests\Feature\Playground\Admin\Resource\Http\Controllers\Playground\SettingRouteTest" classname="Tests.Feature.Playground.Admin.Resource.Http.Controllers.Playground.SettingRouteTest" assertions="3" time="0.043263"/>
        <testcase name="test_guest_cannot_restore" file="/app/vendor/gammamatrix/playground-test/src/Feature/Http/Controllers/Resource/Playground/RestoreTrait.php" line="30" class="Tests\Feature\Playground\Admin\Resource\Http\Controllers\Playground\SettingRouteTest" classname="Tests.Feature.Playground.Admin.Resource.Http.Controllers.Playground.SettingRouteTest" assertions="3" time="0.035311"/>
        <testcase name="test_restore_as_admin_and_succeed" file="/app/vendor/gammamatrix/playground-test/src/Feature/Http/Controllers/Resource/Playground/RestoreTrait.php" line="62" class="Tests\Feature\Playground\Admin\Resource\Http\Controllers\Playground\SettingRouteTest" classname="Tests.Feature.Playground.Admin.Resource.Http.Controllers.Playground.SettingRouteTest" assertions="4" time="0.045829"/>
        <testcase name="test_restore_as_admin_and_succeed_with_redirect_to_index_with_only_trash" file="/app/vendor/gammamatrix/playground-test/src/Feature/Http/Controllers/Resource/Playground/RestoreTrait.php" line="98" class="Tests\Feature\Playground\Admin\Resource\Http\Controllers\Playground\SettingRouteTest" classname="Tests.Feature.Playground.Admin.Resource.Http.Controllers.Playground.SettingRouteTest" assertions="4" time="0.044660"/>
        <testcase name="test_restore_as_user_and_get_denied" file="/app/vendor/gammamatrix/playground-test/src/Feature/Http/Controllers/Resource/Playground/RestoreTrait.php" line="144" class="Tests\Feature\Playground\Admin\Resource\Http\Controllers\Playground\SettingRouteTest" classname="Tests.Feature.Playground.Admin.Resource.Http.Controllers.Playground.SettingRouteTest" assertions="3" time="0.042198"/>
        <testcase name="test_json_guest_cannot_see_info" file="/app/vendor/gammamatrix/playground-test/src/Feature/Http/Controllers/Resource/Playground/ShowJsonTrait.php" line="27" class="Tests\Feature\Playground\Admin\Resource\Http\Controllers\Playground\SettingRouteTest" classname="Tests.Feature.Playground.Admin.Resource.Http.Controllers.Playground.SettingRouteTest" assertions="1" time="0.034387"/>
        <testcase name="test_json_show_info_for_admin" file="/app/vendor/gammamatrix/playground-test/src/Feature/Http/Controllers/Resource/Playground/ShowJsonTrait.php" line="47" class="Tests\Feature\Playground\Admin\Resource\Http\Controllers\Playground\SettingRouteTest" classname="Tests.Feature.Playground.Admin.Resource.Http.Controllers.Playground.SettingRouteTest" assertions="50" time="0.054935"/>
        <testcase name="test_guest_cannot_render_show_view" file="/app/vendor/gammamatrix/playground-test/src/Feature/Http/Controllers/Resource/Playground/ShowTrait.php" line="27" class="Tests\Feature\Playground\Admin\Resource\Http\Controllers\Playground\SettingRouteTest" classname="Tests.Feature.Playground.Admin.Resource.Http.Controllers.Playground.SettingRouteTest" assertions="1" time="0.033870"/>
        <testcase name="test_show_view_rendered_by_admin" file="/app/vendor/gammamatrix/playground-test/src/Feature/Http/Controllers/Resource/Playground/ShowTrait.php" line="47" class="Tests\Feature\Playground\Admin\Resource\Http\Controllers\Playground\SettingRouteTest" classname="Tests.Feature.Playground.Admin.Resource.Http.Controllers.Playground.SettingRouteTest" assertions="2" time="0.076994"/>
        <testcase name="test_json_guest_cannot_store" file="/app/vendor/gammamatrix/playground-test/src/Feature/Http/Controllers/Resource/Playground/StoreJsonTrait.php" line="41" class="Tests\Feature\Playground\Admin\Resource\Http\Controllers\Playground\SettingRouteTest" classname="Tests.Feature.Playground.Admin.Resource.Http.Controllers.Playground.SettingRouteTest" assertions="3" time="0.030950"/>
        <testcase name="test_json_store_as_admin_without_payload_and_fail_validation" file="/app/vendor/gammamatrix/playground-test/src/Feature/Http/Controllers/Resource/Playground/StoreJsonTrait.php" line="64" class="Tests\Feature\Playground\Admin\Resource\Http\Controllers\Playground\SettingRouteTest" classname="Tests.Feature.Playground.Admin.Resource.Http.Controllers.Playground.SettingRouteTest" assertions="5" time="0.059258"/>
        <testcase name="test_json_store_as_admin_and_succeed" file="/app/vendor/gammamatrix/playground-test/src/Feature/Http/Controllers/Resource/Playground/StoreJsonTrait.php" line="90" class="Tests\Feature\Playground\Admin\Resource\Http\Controllers\Playground\SettingRouteTest" classname="Tests.Feature.Playground.Admin.Resource.Http.Controllers.Playground.SettingRouteTest" assertions="3" time="0.095079"/>
        <testcase name="test_guest_cannot_store" file="/app/vendor/gammamatrix/playground-test/src/Feature/Http/Controllers/Resource/Playground/StoreTrait.php" line="36" class="Tests\Feature\Playground\Admin\Resource\Http\Controllers\Playground\SettingRouteTest" classname="Tests.Feature.Playground.Admin.Resource.Http.Controllers.Playground.SettingRouteTest" assertions="3" time="0.029604"/>
        <testcase name="test_store_as_admin_without_payload_and_fail_validation" file="/app/vendor/gammamatrix/playground-test/src/Feature/Http/Controllers/Resource/Playground/StoreTrait.php" line="59" class="Tests\Feature\Playground\Admin\Resource\Http\Controllers\Playground\SettingRouteTest" classname="Tests.Feature.Playground.Admin.Resource.Http.Controllers.Playground.SettingRouteTest" assertions="5" time="0.041152"/>
        <testcase name="test_store_as_admin_and_succeed" file="/app/vendor/gammamatrix/playground-test/src/Feature/Http/Controllers/Resource/Playground/StoreTrait.php" line="88" class="Tests\Feature\Playground\Admin\Resource\Http\Controllers\Playground\SettingRouteTest" classname="Tests.Feature.Playground.Admin.Resource.Http.Controllers.Playground.SettingRouteTest" assertions="4" time="0.062257"/>
        <testcase name="test_store_as_admin_and_succeed_with_return_url" file="/app/vendor/gammamatrix/playground-test/src/Feature/Http/Controllers/Resource/Playground/StoreTrait.php" line="133" class="Tests\Feature\Playground\Admin\Resource\Http\Controllers\Playground\SettingRouteTest" classname="Tests.Feature.Playground.Admin.Resource.Http.Controllers.Playground.SettingRouteTest" assertions="4" time="0.065451"/>
        <testcase name="test_json_guest_cannot_unlock" file="/app/vendor/gammamatrix/playground-test/src/Feature/Http/Controllers/Resource/Playground/UnlockJsonTrait.php" line="34" class="Tests\Feature\Playground\Admin\Resource\Http\Controllers\Playground\SettingRouteTest" classname="Tests.Feature.Playground.Admin.Resource.Http.Controllers.Playground.SettingRouteTest" assertions="3" time="0.032424"/>
        <testcase name="test_json_unlock_as_admin_and_succeed" file="/app/vendor/gammamatrix/playground-test/src/Feature/Http/Controllers/Resource/Playground/UnlockJsonTrait.php" line="66" class="Tests\Feature\Playground\Admin\Resource\Http\Controllers\Playground\SettingRouteTest" classname="Tests.Feature.Playground.Admin.Resource.Http.Controllers.Playground.SettingRouteTest" assertions="51" time="0.050410"/>
        <testcase name="test_json_unlock_as_admin_and_succeed_with_no_redirect" file="/app/vendor/gammamatrix/playground-test/src/Feature/Http/Controllers/Resource/Playground/UnlockJsonTrait.php" line="102" class="Tests\Feature\Playground\Admin\Resource\Http\Controllers\Playground\SettingRouteTest" classname="Tests.Feature.Playground.Admin.Resource.Http.Controllers.Playground.SettingRouteTest" assertions="51" time="0.057578"/>
        <testcase name="test_json_unlock_as_user_and_get_denied" file="/app/vendor/gammamatrix/playground-test/src/Feature/Http/Controllers/Resource/Playground/UnlockJsonTrait.php" line="143" class="Tests\Feature\Playground\Admin\Resource\Http\Controllers\Playground\SettingRouteTest" classname="Tests.Feature.Playground.Admin.Resource.Http.Controllers.Playground.SettingRouteTest" assertions="3" time="0.040903"/>
        <testcase name="test_guest_cannot_unlock" file="/app/vendor/gammamatrix/playground-test/src/Feature/Http/Controllers/Resource/Playground/UnlockTrait.php" line="34" class="Tests\Feature\Playground\Admin\Resource\Http\Controllers\Playground\SettingRouteTest" classname="Tests.Feature.Playground.Admin.Resource.Http.Controllers.Playground.SettingRouteTest" assertions="3" time="0.032582"/>
        <testcase name="test_unlock_as_admin_and_succeed" file="/app/vendor/gammamatrix/playground-test/src/Feature/Http/Controllers/Resource/Playground/UnlockTrait.php" line="66" class="Tests\Feature\Playground\Admin\Resource\Http\Controllers\Playground\SettingRouteTest" classname="Tests.Feature.Playground.Admin.Resource.Http.Controllers.Playground.SettingRouteTest" assertions="4" time="0.044297"/>
        <testcase name="test_unlock_as_admin_and_succeed_with_redirect_to_index_with_sorted_by_unlocked_desc" file="/app/vendor/gammamatrix/playground-test/src/Feature/Http/Controllers/Resource/Playground/UnlockTrait.php" line="107" class="Tests\Feature\Playground\Admin\Resource\Http\Controllers\Playground\SettingRouteTest" classname="Tests.Feature.Playground.Admin.Resource.Http.Controllers.Playground.SettingRouteTest" assertions="4" time="0.052462"/>
        <testcase name="test_unlock_as_user_and_get_denied" file="/app/vendor/gammamatrix/playground-test/src/Feature/Http/Controllers/Resource/Playground/UnlockTrait.php" line="146" class="Tests\Feature\Playground\Admin\Resource\Http\Controllers\Playground\SettingRouteTest" classname="Tests.Feature.Playground.Admin.Resource.Http.Controllers.Playground.SettingRouteTest" assertions="3" time="0.041951"/>
        <testcase name="test_json_guest_cannot_update" file="/app/vendor/gammamatrix/playground-test/src/Feature/Http/Controllers/Resource/Playground/UpdateJsonTrait.php" line="43" class="Tests\Feature\Playground\Admin\Resource\Http\Controllers\Playground\SettingRouteTest" classname="Tests.Feature.Playground.Admin.Resource.Http.Controllers.Playground.SettingRouteTest" assertions="1" time="0.031842"/>
        <testcase name="test_json_update_as_admin_without_payload_and_fail_validation" file="/app/vendor/gammamatrix/playground-test/src/Feature/Http/Controllers/Resource/Playground/UpdateJsonTrait.php" line="63" class="Tests\Feature\Playground\Admin\Resource\Http\Controllers\Playground\SettingRouteTest" classname="Tests.Feature.Playground.Admin.Resource.Http.Controllers.Playground.SettingRouteTest" assertions="4" time="0.064207"/>
        <testcase name="test_json_admin_can_update" file="/app/vendor/gammamatrix/playground-test/src/Feature/Http/Controllers/Resource/Playground/UpdateJsonTrait.php" line="88" class="Tests\Feature\Playground\Admin\Resource\Http\Controllers\Playground\SettingRouteTest" classname="Tests.Feature.Playground.Admin.Resource.Http.Controllers.Playground.SettingRouteTest" assertions="53" time="0.072577"/>
        <testcase name="test_guest_cannot_update" file="/app/vendor/gammamatrix/playground-test/src/Feature/Http/Controllers/Resource/Playground/UpdateTrait.php" line="43" class="Tests\Feature\Playground\Admin\Resource\Http\Controllers\Playground\SettingRouteTest" classname="Tests.Feature.Playground.Admin.Resource.Http.Controllers.Playground.SettingRouteTest" assertions="1" time="0.031318"/>
        <testcase name="test_update_as_admin_without_payload_and_fail_validation" file="/app/vendor/gammamatrix/playground-test/src/Feature/Http/Controllers/Resource/Playground/UpdateTrait.php" line="63" class="Tests\Feature\Playground\Admin\Resource\Http\Controllers\Playground\SettingRouteTest" classname="Tests.Feature.Playground.Admin.Resource.Http.Controllers.Playground.SettingRouteTest" assertions="4" time="0.045889"/>
        <testcase name="test_admin_can_update" file="/app/vendor/gammamatrix/playground-test/src/Feature/Http/Controllers/Resource/Playground/UpdateTrait.php" line="88" class="Tests\Feature\Playground\Admin\Resource\Http\Controllers\Playground\SettingRouteTest" classname="Tests.Feature.Playground.Admin.Resource.Http.Controllers.Playground.SettingRouteTest" assertions="6" time="0.078553"/>
        <testcase name="test_admin_can_update_view_with_return_url" file="/app/vendor/gammamatrix/playground-test/src/Feature/Http/Controllers/Resource/Playground/UpdateTrait.php" line="131" class="Tests\Feature\Playground\Admin\Resource\Http\Controllers\Playground\SettingRouteTest" classname="Tests.Feature.Playground.Admin.Resource.Http.Controllers.Playground.SettingRouteTest" assertions="6" time="0.065433"/>
      </testsuite>
      <testsuite name="Tests\Feature\Playground\Admin\Resource\Http\Controllers\Playground\UserRouteTest" file="/app/tests/Feature/Http/Controllers/Playground/UserRouteTest.php" tests="73" assertions="554" errors="0" failures="0" skipped="0" time="3.297026">
        <testcase name="test_json_guest_cannot_get_create_info" file="/app/vendor/gammamatrix/playground-test/src/Feature/Http/Controllers/Resource/Playground/CreateJsonTrait.php" line="36" class="Tests\Feature\Playground\Admin\Resource\Http\Controllers\Playground\UserRouteTest" classname="Tests.Feature.Playground.Admin.Resource.Http.Controllers.Playground.UserRouteTest" assertions="1" time="0.025476"/>
        <testcase name="test_json_admin_can_get_create_info" file="/app/vendor/gammamatrix/playground-test/src/Feature/Http/Controllers/Resource/Playground/CreateJsonTrait.php" line="51" class="Tests\Feature\Playground\Admin\Resource\Http\Controllers\Playground\UserRouteTest" classname="Tests.Feature.Playground.Admin.Resource.Http.Controllers.Playground.UserRouteTest" assertions="33" time="0.039341"/>
        <testcase name="test_json_get_create_info_as_admin_with_invalid_parameter_and_fail_validation" file="/app/vendor/gammamatrix/playground-test/src/Feature/Http/Controllers/Resource/Playground/CreateJsonTrait.php" line="71" class="Tests\Feature\Playground\Admin\Resource\Http\Controllers\Playground\UserRouteTest" classname="Tests.Feature.Playground.Admin.Resource.Http.Controllers.Playground.UserRouteTest" assertions="4" time="0.040612"/>
        <testcase name="test_guest_cannot_render_create_view" file="/app/vendor/gammamatrix/playground-test/src/Feature/Http/Controllers/Resource/Playground/CreateTrait.php" line="31" class="Tests\Feature\Playground\Admin\Resource\Http\Controllers\Playground\UserRouteTest" classname="Tests.Feature.Playground.Admin.Resource.Http.Controllers.Playground.UserRouteTest" assertions="1" time="0.027029"/>
        <testcase name="test_admin_can_render_create_view" file="/app/vendor/gammamatrix/playground-test/src/Feature/Http/Controllers/Resource/Playground/CreateTrait.php" line="45" class="Tests\Feature\Playground\Admin\Resource\Http\Controllers\Playground\UserRouteTest" classname="Tests.Feature.Playground.Admin.Resource.Http.Controllers.Playground.UserRouteTest" assertions="2" time="0.078356"/>
        <testcase name="test_admin_can_render_create_view_with_return_url" file="/app/vendor/gammamatrix/playground-test/src/Feature/Http/Controllers/Resource/Playground/CreateTrait.php" line="63" class="Tests\Feature\Playground\Admin\Resource\Http\Controllers\Playground\UserRouteTest" classname="Tests.Feature.Playground.Admin.Resource.Http.Controllers.Playground.UserRouteTest" assertions="3" time="0.055601"/>
        <testcase name="test_create_view_as_admin_with_invalid_parameter_and_fail_validation_and_redirect" file="/app/vendor/gammamatrix/playground-test/src/Feature/Http/Controllers/Resource/Playground/CreateTrait.php" line="90" class="Tests\Feature\Playground\Admin\Resource\Http\Controllers\Playground\UserRouteTest" classname="Tests.Feature.Playground.Admin.Resource.Http.Controllers.Playground.UserRouteTest" assertions="5" time="0.038164"/>
        <testcase name="test_json_guest_cannot_destroy" file="/app/vendor/gammamatrix/playground-test/src/Feature/Http/Controllers/Resource/Playground/DestroyJsonTrait.php" line="29" class="Tests\Feature\Playground\Admin\Resource\Http\Controllers\Playground\UserRouteTest" classname="Tests.Feature.Playground.Admin.Resource.Http.Controllers.Playground.UserRouteTest" assertions="3" time="0.035801"/>
        <testcase name="test_json_destroy_as_admin_and_succeed" file="/app/vendor/gammamatrix/playground-test/src/Feature/Http/Controllers/Resource/Playground/DestroyJsonTrait.php" line="59" class="Tests\Feature\Playground\Admin\Resource\Http\Controllers\Playground\UserRouteTest" classname="Tests.Feature.Playground.Admin.Resource.Http.Controllers.Playground.UserRouteTest" assertions="5" time="0.044437"/>
        <testcase name="test_json_destroy_as_admin_and_succeed_with_force_delete" file="/app/vendor/gammamatrix/playground-test/src/Feature/Http/Controllers/Resource/Playground/DestroyJsonTrait.php" line="98" class="Tests\Feature\Playground\Admin\Resource\Http\Controllers\Playground\UserRouteTest" classname="Tests.Feature.Playground.Admin.Resource.Http.Controllers.Playground.UserRouteTest" assertions="4" time="0.040222"/>
        <testcase name="test_json_destroy_as_admin_and_succeed_with_no_content" file="/app/vendor/gammamatrix/playground-test/src/Feature/Http/Controllers/Resource/Playground/DestroyJsonTrait.php" line="130" class="Tests\Feature\Playground\Admin\Resource\Http\Controllers\Playground\UserRouteTest" classname="Tests.Feature.Playground.Admin.Resource.Http.Controllers.Playground.UserRouteTest" assertions="5" time="0.042609"/>
        <testcase name="test_json_destroy_as_admin_and_succeed_and_ignore_redirect" file="/app/vendor/gammamatrix/playground-test/src/Feature/Http/Controllers/Resource/Playground/DestroyJsonTrait.php" line="165" class="Tests\Feature\Playground\Admin\Resource\Http\Controllers\Playground\UserRouteTest" classname="Tests.Feature.Playground.Admin.Resource.Http.Controllers.Playground.UserRouteTest" assertions="5" time="0.043919"/>
        <testcase name="test_json_destroy_as_user_and_get_denied_and_no_force_delete_allowed" file="/app/vendor/gammamatrix/playground-test/src/Feature/Http/Controllers/Resource/Playground/DestroyJsonTrait.php" line="207" class="Tests\Feature\Playground\Admin\Resource\Http\Controllers\Playground\UserRouteTest" classname="Tests.Feature.Playground.Admin.Resource.Http.Controllers.Playground.UserRouteTest" assertions="3" time="0.039845"/>
        <testcase name="test_guest_cannot_destroy" file="/app/vendor/gammamatrix/playground-test/src/Feature/Http/Controllers/Resource/Playground/DestroyTrait.php" line="29" class="Tests\Feature\Playground\Admin\Resource\Http\Controllers\Playground\UserRouteTest" classname="Tests.Feature.Playground.Admin.Resource.Http.Controllers.Playground.UserRouteTest" assertions="3" time="0.033609"/>
        <testcase name="test_destroy_as_admin_and_succeed" file="/app/vendor/gammamatrix/playground-test/src/Feature/Http/Controllers/Resource/Playground/DestroyTrait.php" line="59" class="Tests\Feature\Playground\Admin\Resource\Http\Controllers\Playground\UserRouteTest" classname="Tests.Feature.Playground.Admin.Resource.Http.Controllers.Playground.UserRouteTest" assertions="5" time="0.043220"/>
        <testcase name="test_destroy_as_admin_and_succeed_with_force_delete" file="/app/vendor/gammamatrix/playground-test/src/Feature/Http/Controllers/Resource/Playground/DestroyTrait.php" line="95" class="Tests\Feature\Playground\Admin\Resource\Http\Controllers\Playground\UserRouteTest" classname="Tests.Feature.Playground.Admin.Resource.Http.Controllers.Playground.UserRouteTest" assertions="4" time="0.040904"/>
        <testcase name="test_destroy_as_admin_and_succeed_with_redirect_to_index_with_trash" file="/app/vendor/gammamatrix/playground-test/src/Feature/Http/Controllers/Resource/Playground/DestroyTrait.php" line="127" class="Tests\Feature\Playground\Admin\Resource\Http\Controllers\Playground\UserRouteTest" classname="Tests.Feature.Playground.Admin.Resource.Http.Controllers.Playground.UserRouteTest" assertions="5" time="0.041319"/>
        <testcase name="test_destroy_as_user_and_get_denied_and_no_force_delete_allowed" file="/app/vendor/gammamatrix/playground-test/src/Feature/Http/Controllers/Resource/Playground/DestroyTrait.php" line="169" class="Tests\Feature\Playground\Admin\Resource\Http\Controllers\Playground\UserRouteTest" classname="Tests.Feature.Playground.Admin.Resource.Http.Controllers.Playground.UserRouteTest" assertions="3" time="0.039202"/>
        <testcase name="test_json_guest_cannot_get_edit_info" file="/app/vendor/gammamatrix/playground-test/src/Feature/Http/Controllers/Resource/Playground/EditJsonTrait.php" line="36" class="Tests\Feature\Playground\Admin\Resource\Http\Controllers\Playground\UserRouteTest" classname="Tests.Feature.Playground.Admin.Resource.Http.Controllers.Playground.UserRouteTest" assertions="1" time="0.033460"/>
        <testcase name="test_json_admin_can_get_edit_info" file="/app/vendor/gammamatrix/playground-test/src/Feature/Http/Controllers/Resource/Playground/EditJsonTrait.php" line="56" class="Tests\Feature\Playground\Admin\Resource\Http\Controllers\Playground\UserRouteTest" classname="Tests.Feature.Playground.Admin.Resource.Http.Controllers.Playground.UserRouteTest" assertions="4" time="0.046072"/>
        <testcase name="test_json_edit_as_admin_and_fail_validation_with_invalid_parameter" file="/app/vendor/gammamatrix/playground-test/src/Feature/Http/Controllers/Resource/Playground/EditJsonTrait.php" line="85" class="Tests\Feature\Playground\Admin\Resource\Http\Controllers\Playground\UserRouteTest" classname="Tests.Feature.Playground.Admin.Resource.Http.Controllers.Playground.UserRouteTest" assertions="4" time="0.042843"/>
        <testcase name="test_guest_cannot_render_edit_view" file="/app/vendor/gammamatrix/playground-test/src/Feature/Http/Controllers/Resource/Playground/EditTrait.php" line="31" class="Tests\Feature\Playground\Admin\Resource\Http\Controllers\Playground\UserRouteTest" classname="Tests.Feature.Playground.Admin.Resource.Http.Controllers.Playground.UserRouteTest" assertions="1" time="0.032416"/>
        <testcase name="test_admin_can_render_edit_view" file="/app/vendor/gammamatrix/playground-test/src/Feature/Http/Controllers/Resource/Playground/EditTrait.php" line="51" class="Tests\Feature\Playground\Admin\Resource\Http\Controllers\Playground\UserRouteTest" classname="Tests.Feature.Playground.Admin.Resource.Http.Controllers.Playground.UserRouteTest" assertions="2" time="0.067016"/>
        <testcase name="test_admin_can_render_edit_view_with_return_url" file="/app/vendor/gammamatrix/playground-test/src/Feature/Http/Controllers/Resource/Playground/EditTrait.php" line="75" class="Tests\Feature\Playground\Admin\Resource\Http\Controllers\Playground\UserRouteTest" classname="Tests.Feature.Playground.Admin.Resource.Http.Controllers.Playground.UserRouteTest" assertions="3" time="0.065852"/>
        <testcase name="test_edit_view_as_admin_with_invalid_parameter_and_fail_validation_and_redirect" file="/app/vendor/gammamatrix/playground-test/src/Feature/Http/Controllers/Resource/Playground/EditTrait.php" line="107" class="Tests\Feature\Playground\Admin\Resource\Http\Controllers\Playground\UserRouteTest" classname="Tests.Feature.Playground.Admin.Resource.Http.Controllers.Playground.UserRouteTest" assertions="4" time="0.042920"/>
        <testcase name="test_json_guest_cannot_get_index" file="/app/vendor/gammamatrix/playground-test/src/Feature/Http/Controllers/Resource/Playground/IndexJsonTrait.php" line="32" class="Tests\Feature\Playground\Admin\Resource\Http\Controllers\Playground\UserRouteTest" classname="Tests.Feature.Playground.Admin.Resource.Http.Controllers.Playground.UserRouteTest" assertions="1" time="0.031802"/>
        <testcase name="test_json_admin_can_get_index" file="/app/vendor/gammamatrix/playground-test/src/Feature/Http/Controllers/Resource/Playground/IndexJsonTrait.php" line="47" class="Tests\Feature\Playground\Admin\Resource\Http\Controllers\Playground\UserRouteTest" classname="Tests.Feature.Playground.Admin.Resource.Http.Controllers.Playground.UserRouteTest" assertions="69" time="0.105506"/>
        <testcase name="test_json_admin_can_get_index_with_filters" file="/app/vendor/gammamatrix/playground-test/src/Feature/Http/Controllers/Resource/Playground/IndexJsonTrait.php" line="83" class="Tests\Feature\Playground\Admin\Resource\Http\Controllers\Playground\UserRouteTest" classname="Tests.Feature.Playground.Admin.Resource.Http.Controllers.Playground.UserRouteTest" assertions="3" time="0.049777"/>
        <testcase name="test_guest_cannot_render_index_view" file="/app/vendor/gammamatrix/playground-test/src/Feature/Http/Controllers/Resource/Playground/IndexTrait.php" line="27" class="Tests\Feature\Playground\Admin\Resource\Http\Controllers\Playground\UserRouteTest" classname="Tests.Feature.Playground.Admin.Resource.Http.Controllers.Playground.UserRouteTest" assertions="1" time="0.031548"/>
        <testcase name="test_admin_can_render_index_view" file="/app/vendor/gammamatrix/playground-test/src/Feature/Http/Controllers/Resource/Playground/IndexTrait.php" line="42" class="Tests\Feature\Playground\Admin\Resource\Http\Controllers\Playground\UserRouteTest" classname="Tests.Feature.Playground.Admin.Resource.Http.Controllers.Playground.UserRouteTest" assertions="2" time="0.075170"/>
        <testcase name="test_admin_can_render_index_view_with_filters" file="/app/vendor/gammamatrix/playground-test/src/Feature/Http/Controllers/Resource/Playground/IndexTrait.php" line="75" class="Tests\Feature\Playground\Admin\Resource\Http\Controllers\Playground\UserRouteTest" classname="Tests.Feature.Playground.Admin.Resource.Http.Controllers.Playground.UserRouteTest" assertions="3" time="0.073133"/>
        <testcase name="test_json_guest_cannot_lock" file="/app/vendor/gammamatrix/playground-test/src/Feature/Http/Controllers/Resource/Playground/LockJsonTrait.php" line="34" class="Tests\Feature\Playground\Admin\Resource\Http\Controllers\Playground\UserRouteTest" classname="Tests.Feature.Playground.Admin.Resource.Http.Controllers.Playground.UserRouteTest" assertions="3" time="0.034689"/>
        <testcase name="test_json_lock_as_admin_and_succeed" file="/app/vendor/gammamatrix/playground-test/src/Feature/Http/Controllers/Resource/Playground/LockJsonTrait.php" line="64" class="Tests\Feature\Playground\Admin\Resource\Http\Controllers\Playground\UserRouteTest" classname="Tests.Feature.Playground.Admin.Resource.Http.Controllers.Playground.UserRouteTest" assertions="3" time="0.048364"/>
        <testcase name="test_json_lock_as_admin_and_succeed_with_no_redirect" file="/app/vendor/gammamatrix/playground-test/src/Feature/Http/Controllers/Resource/Playground/LockJsonTrait.php" line="96" class="Tests\Feature\Playground\Admin\Resource\Http\Controllers\Playground\UserRouteTest" classname="Tests.Feature.Playground.Admin.Resource.Http.Controllers.Playground.UserRouteTest" assertions="35" time="0.048887"/>
        <testcase name="test_json_lock_as_user_and_get_denied" file="/app/vendor/gammamatrix/playground-test/src/Feature/Http/Controllers/Resource/Playground/LockJsonTrait.php" line="141" class="Tests\Feature\Playground\Admin\Resource\Http\Controllers\Playground\UserRouteTest" classname="Tests.Feature.Playground.Admin.Resource.Http.Controllers.Playground.UserRouteTest" assertions="3" time="0.043076"/>
        <testcase name="test_guest_cannot_lock" file="/app/vendor/gammamatrix/playground-test/src/Feature/Http/Controllers/Resource/Playground/LockTrait.php" line="29" class="Tests\Feature\Playground\Admin\Resource\Http\Controllers\Playground\UserRouteTest" classname="Tests.Feature.Playground.Admin.Resource.Http.Controllers.Playground.UserRouteTest" assertions="3" time="0.032339"/>
        <testcase name="test_lock_as_admin_and_succeed" file="/app/vendor/gammamatrix/playground-test/src/Feature/Http/Controllers/Resource/Playground/LockTrait.php" line="59" class="Tests\Feature\Playground\Admin\Resource\Http\Controllers\Playground\UserRouteTest" classname="Tests.Feature.Playground.Admin.Resource.Http.Controllers.Playground.UserRouteTest" assertions="4" time="0.043807"/>
        <testcase name="test_lock_as_admin_and_succeed_with_redirect_to_index_with_sorted_by_locked_desc" file="/app/vendor/gammamatrix/playground-test/src/Feature/Http/Controllers/Resource/Playground/LockTrait.php" line="93" class="Tests\Feature\Playground\Admin\Resource\Http\Controllers\Playground\UserRouteTest" classname="Tests.Feature.Playground.Admin.Resource.Http.Controllers.Playground.UserRouteTest" assertions="4" time="0.043955"/>
        <testcase name="test_lock_as_user_and_get_denied" file="/app/vendor/gammamatrix/playground-test/src/Feature/Http/Controllers/Resource/Playground/LockTrait.php" line="130" class="Tests\Feature\Playground\Admin\Resource\Http\Controllers\Playground\UserRouteTest" classname="Tests.Feature.Playground.Admin.Resource.Http.Controllers.Playground.UserRouteTest" assertions="3" time="0.043694"/>
        <testcase name="test_json_guest_cannot_restore" file="/app/vendor/gammamatrix/playground-test/src/Feature/Http/Controllers/Resource/Playground/RestoreJsonTrait.php" line="30" class="Tests\Feature\Playground\Admin\Resource\Http\Controllers\Playground\UserRouteTest" classname="Tests.Feature.Playground.Admin.Resource.Http.Controllers.Playground.UserRouteTest" assertions="3" time="0.032816"/>
        <testcase name="test_json_restore_as_admin_and_succeed" file="/app/vendor/gammamatrix/playground-test/src/Feature/Http/Controllers/Resource/Playground/RestoreJsonTrait.php" line="62" class="Tests\Feature\Playground\Admin\Resource\Http\Controllers\Playground\UserRouteTest" classname="Tests.Feature.Playground.Admin.Resource.Http.Controllers.Playground.UserRouteTest" assertions="35" time="0.049028"/>
        <testcase name="test_json_restore_as_admin_and_succeed_with_no_redirect" file="/app/vendor/gammamatrix/playground-test/src/Feature/Http/Controllers/Resource/Playground/RestoreJsonTrait.php" line="98" class="Tests\Feature\Playground\Admin\Resource\Http\Controllers\Playground\UserRouteTest" classname="Tests.Feature.Playground.Admin.Resource.Http.Controllers.Playground.UserRouteTest" assertions="35" time="0.055256"/>
        <testcase name="test_json_restore_as_user_and_get_denied" file="/app/vendor/gammamatrix/playground-test/src/Feature/Http/Controllers/Resource/Playground/RestoreJsonTrait.php" line="141" class="Tests\Feature\Playground\Admin\Resource\Http\Controllers\Playground\UserRouteTest" classname="Tests.Feature.Playground.Admin.Resource.Http.Controllers.Playground.UserRouteTest" assertions="3" time="0.039620"/>
        <testcase name="test_guest_cannot_restore" file="/app/vendor/gammamatrix/playground-test/src/Feature/Http/Controllers/Resource/Playground/RestoreTrait.php" line="30" class="Tests\Feature\Playground\Admin\Resource\Http\Controllers\Playground\UserRouteTest" classname="Tests.Feature.Playground.Admin.Resource.Http.Controllers.Playground.UserRouteTest" assertions="3" time="0.032880"/>
        <testcase name="test_restore_as_admin_and_succeed" file="/app/vendor/gammamatrix/playground-test/src/Feature/Http/Controllers/Resource/Playground/RestoreTrait.php" line="62" class="Tests\Feature\Playground\Admin\Resource\Http\Controllers\Playground\UserRouteTest" classname="Tests.Feature.Playground.Admin.Resource.Http.Controllers.Playground.UserRouteTest" assertions="4" time="0.043180"/>
        <testcase name="test_restore_as_admin_and_succeed_with_redirect_to_index_with_only_trash" file="/app/vendor/gammamatrix/playground-test/src/Feature/Http/Controllers/Resource/Playground/RestoreTrait.php" line="98" class="Tests\Feature\Playground\Admin\Resource\Http\Controllers\Playground\UserRouteTest" classname="Tests.Feature.Playground.Admin.Resource.Http.Controllers.Playground.UserRouteTest" assertions="4" time="0.048056"/>
        <testcase name="test_restore_as_user_and_get_denied" file="/app/vendor/gammamatrix/playground-test/src/Feature/Http/Controllers/Resource/Playground/RestoreTrait.php" line="144" class="Tests\Feature\Playground\Admin\Resource\Http\Controllers\Playground\UserRouteTest" classname="Tests.Feature.Playground.Admin.Resource.Http.Controllers.Playground.UserRouteTest" assertions="3" time="0.039786"/>
        <testcase name="test_json_guest_cannot_see_info" file="/app/vendor/gammamatrix/playground-test/src/Feature/Http/Controllers/Resource/Playground/ShowJsonTrait.php" line="27" class="Tests\Feature\Playground\Admin\Resource\Http\Controllers\Playground\UserRouteTest" classname="Tests.Feature.Playground.Admin.Resource.Http.Controllers.Playground.UserRouteTest" assertions="1" time="0.032683"/>
        <testcase name="test_json_show_info_for_admin" file="/app/vendor/gammamatrix/playground-test/src/Feature/Http/Controllers/Resource/Playground/ShowJsonTrait.php" line="47" class="Tests\Feature\Playground\Admin\Resource\Http\Controllers\Playground\UserRouteTest" classname="Tests.Feature.Playground.Admin.Resource.Http.Controllers.Playground.UserRouteTest" assertions="34" time="0.046281"/>
        <testcase name="test_guest_cannot_render_show_view" file="/app/vendor/gammamatrix/playground-test/src/Feature/Http/Controllers/Resource/Playground/ShowTrait.php" line="27" class="Tests\Feature\Playground\Admin\Resource\Http\Controllers\Playground\UserRouteTest" classname="Tests.Feature.Playground.Admin.Resource.Http.Controllers.Playground.UserRouteTest" assertions="1" time="0.035842"/>
        <testcase name="test_show_view_rendered_by_admin" file="/app/vendor/gammamatrix/playground-test/src/Feature/Http/Controllers/Resource/Playground/ShowTrait.php" line="47" class="Tests\Feature\Playground\Admin\Resource\Http\Controllers\Playground\UserRouteTest" classname="Tests.Feature.Playground.Admin.Resource.Http.Controllers.Playground.UserRouteTest" assertions="2" time="0.062478"/>
        <testcase name="test_json_guest_cannot_store" file="/app/vendor/gammamatrix/playground-test/src/Feature/Http/Controllers/Resource/Playground/StoreJsonTrait.php" line="41" class="Tests\Feature\Playground\Admin\Resource\Http\Controllers\Playground\UserRouteTest" classname="Tests.Feature.Playground.Admin.Resource.Http.Controllers.Playground.UserRouteTest" assertions="3" time="0.030444"/>
        <testcase name="test_json_store_as_admin_without_payload_and_fail_validation" file="/app/vendor/gammamatrix/playground-test/src/Feature/Http/Controllers/Resource/Playground/StoreJsonTrait.php" line="64" class="Tests\Feature\Playground\Admin\Resource\Http\Controllers\Playground\UserRouteTest" classname="Tests.Feature.Playground.Admin.Resource.Http.Controllers.Playground.UserRouteTest" assertions="5" time="0.042414"/>
        <testcase name="test_json_store_as_admin_and_succeed" file="/app/vendor/gammamatrix/playground-test/src/Feature/Http/Controllers/Resource/Playground/StoreJsonTrait.php" line="90" class="Tests\Feature\Playground\Admin\Resource\Http\Controllers\Playground\UserRouteTest" classname="Tests.Feature.Playground.Admin.Resource.Http.Controllers.Playground.UserRouteTest" assertions="3" time="0.059635"/>
        <testcase name="test_guest_cannot_store" file="/app/vendor/gammamatrix/playground-test/src/Feature/Http/Controllers/Resource/Playground/StoreTrait.php" line="36" class="Tests\Feature\Playground\Admin\Resource\Http\Controllers\Playground\UserRouteTest" classname="Tests.Feature.Playground.Admin.Resource.Http.Controllers.Playground.UserRouteTest" assertions="3" time="0.031657"/>
        <testcase name="test_store_as_admin_without_payload_and_fail_validation" file="/app/vendor/gammamatrix/playground-test/src/Feature/Http/Controllers/Resource/Playground/StoreTrait.php" line="59" class="Tests\Feature\Playground\Admin\Resource\Http\Controllers\Playground\UserRouteTest" classname="Tests.Feature.Playground.Admin.Resource.Http.Controllers.Playground.UserRouteTest" assertions="5" time="0.040574"/>
        <testcase name="test_store_as_admin_and_succeed" file="/app/vendor/gammamatrix/playground-test/src/Feature/Http/Controllers/Resource/Playground/StoreTrait.php" line="88" class="Tests\Feature\Playground\Admin\Resource\Http\Controllers\Playground\UserRouteTest" classname="Tests.Feature.Playground.Admin.Resource.Http.Controllers.Playground.UserRouteTest" assertions="4" time="0.054937"/>
        <testcase name="test_store_as_admin_and_succeed_with_return_url" file="/app/vendor/gammamatrix/playground-test/src/Feature/Http/Controllers/Resource/Playground/StoreTrait.php" line="133" class="Tests\Feature\Playground\Admin\Resource\Http\Controllers\Playground\UserRouteTest" classname="Tests.Feature.Playground.Admin.Resource.Http.Controllers.Playground.UserRouteTest" assertions="4" time="0.052023"/>
        <testcase name="test_json_guest_cannot_unlock" file="/app/vendor/gammamatrix/playground-test/src/Feature/Http/Controllers/Resource/Playground/UnlockJsonTrait.php" line="34" class="Tests\Feature\Playground\Admin\Resource\Http\Controllers\Playground\UserRouteTest" classname="Tests.Feature.Playground.Admin.Resource.Http.Controllers.Playground.UserRouteTest" assertions="3" time="0.033655"/>
        <testcase name="test_json_unlock_as_admin_and_succeed" file="/app/vendor/gammamatrix/playground-test/src/Feature/Http/Controllers/Resource/Playground/UnlockJsonTrait.php" line="66" class="Tests\Feature\Playground\Admin\Resource\Http\Controllers\Playground\UserRouteTest" classname="Tests.Feature.Playground.Admin.Resource.Http.Controllers.Playground.UserRouteTest" assertions="35" time="0.049875"/>
        <testcase name="test_json_unlock_as_admin_and_succeed_with_no_redirect" file="/app/vendor/gammamatrix/playground-test/src/Feature/Http/Controllers/Resource/Playground/UnlockJsonTrait.php" line="102" class="Tests\Feature\Playground\Admin\Resource\Http\Controllers\Playground\UserRouteTest" classname="Tests.Feature.Playground.Admin.Resource.Http.Controllers.Playground.UserRouteTest" assertions="35" time="0.054911"/>
        <testcase name="test_json_unlock_as_user_and_get_denied" file="/app/vendor/gammamatrix/playground-test/src/Feature/Http/Controllers/Resource/Playground/UnlockJsonTrait.php" line="143" class="Tests\Feature\Playground\Admin\Resource\Http\Controllers\Playground\UserRouteTest" classname="Tests.Feature.Playground.Admin.Resource.Http.Controllers.Playground.UserRouteTest" assertions="3" time="0.038953"/>
        <testcase name="test_guest_cannot_unlock" file="/app/vendor/gammamatrix/playground-test/src/Feature/Http/Controllers/Resource/Playground/UnlockTrait.php" line="34" class="Tests\Feature\Playground\Admin\Resource\Http\Controllers\Playground\UserRouteTest" classname="Tests.Feature.Playground.Admin.Resource.Http.Controllers.Playground.UserRouteTest" assertions="3" time="0.032959"/>
        <testcase name="test_unlock_as_admin_and_succeed" file="/app/vendor/gammamatrix/playground-test/src/Feature/Http/Controllers/Resource/Playground/UnlockTrait.php" line="66" class="Tests\Feature\Playground\Admin\Resource\Http\Controllers\Playground\UserRouteTest" classname="Tests.Feature.Playground.Admin.Resource.Http.Controllers.Playground.UserRouteTest" assertions="4" time="0.045106"/>
        <testcase name="test_unlock_as_admin_and_succeed_with_redirect_to_index_with_sorted_by_unlocked_desc" file="/app/vendor/gammamatrix/playground-test/src/Feature/Http/Controllers/Resource/Playground/UnlockTrait.php" line="107" class="Tests\Feature\Playground\Admin\Resource\Http\Controllers\Playground\UserRouteTest" classname="Tests.Feature.Playground.Admin.Resource.Http.Controllers.Playground.UserRouteTest" assertions="4" time="0.050686"/>
        <testcase name="test_unlock_as_user_and_get_denied" file="/app/vendor/gammamatrix/playground-test/src/Feature/Http/Controllers/Resource/Playground/UnlockTrait.php" line="146" class="Tests\Feature\Playground\Admin\Resource\Http\Controllers\Playground\UserRouteTest" classname="Tests.Feature.Playground.Admin.Resource.Http.Controllers.Playground.UserRouteTest" assertions="3" time="0.040915"/>
        <testcase name="test_json_guest_cannot_update" file="/app/vendor/gammamatrix/playground-test/src/Feature/Http/Controllers/Resource/Playground/UpdateJsonTrait.php" line="43" class="Tests\Feature\Playground\Admin\Resource\Http\Controllers\Playground\UserRouteTest" classname="Tests.Feature.Playground.Admin.Resource.Http.Controllers.Playground.UserRouteTest" assertions="1" time="0.031789"/>
        <testcase name="test_json_update_as_admin_without_payload_and_fail_validation" file="/app/vendor/gammamatrix/playground-test/src/Feature/Http/Controllers/Resource/Playground/UpdateJsonTrait.php" line="63" class="Tests\Feature\Playground\Admin\Resource\Http\Controllers\Playground\UserRouteTest" classname="Tests.Feature.Playground.Admin.Resource.Http.Controllers.Playground.UserRouteTest" assertions="4" time="0.044460"/>
        <testcase name="test_json_admin_can_update" file="/app/vendor/gammamatrix/playground-test/src/Feature/Http/Controllers/Resource/Playground/UpdateJsonTrait.php" line="88" class="Tests\Feature\Playground\Admin\Resource\Http\Controllers\Playground\UserRouteTest" classname="Tests.Feature.Playground.Admin.Resource.Http.Controllers.Playground.UserRouteTest" assertions="37" time="0.063073"/>
        <testcase name="test_guest_cannot_update" file="/app/vendor/gammamatrix/playground-test/src/Feature/Http/Controllers/Resource/Playground/UpdateTrait.php" line="43" class="Tests\Feature\Playground\Admin\Resource\Http\Controllers\Playground\UserRouteTest" classname="Tests.Feature.Playground.Admin.Resource.Http.Controllers.Playground.UserRouteTest" assertions="1" time="0.031557"/>
        <testcase name="test_update_as_admin_without_payload_and_fail_validation" file="/app/vendor/gammamatrix/playground-test/src/Feature/Http/Controllers/Resource/Playground/UpdateTrait.php" line="63" class="Tests\Feature\Playground\Admin\Resource\Http\Controllers\Playground\UserRouteTest" classname="Tests.Feature.Playground.Admin.Resource.Http.Controllers.Playground.UserRouteTest" assertions="4" time="0.042499"/>
        <testcase name="test_admin_can_update" file="/app/vendor/gammamatrix/playground-test/src/Feature/Http/Controllers/Resource/Playground/UpdateTrait.php" line="88" class="Tests\Feature\Playground\Admin\Resource\Http\Controllers\Playground\UserRouteTest" classname="Tests.Feature.Playground.Admin.Resource.Http.Controllers.Playground.UserRouteTest" assertions="6" time="0.065127"/>
        <testcase name="test_admin_can_update_view_with_return_url" file="/app/vendor/gammamatrix/playground-test/src/Feature/Http/Controllers/Resource/Playground/UpdateTrait.php" line="131" class="Tests\Feature\Playground\Admin\Resource\Http\Controllers\Playground\UserRouteTest" classname="Tests.Feature.Playground.Admin.Resource.Http.Controllers.Playground.UserRouteTest" assertions="6" time="0.055882"/>
      </testsuite>
      <testsuite name="Tests\Feature\Playground\Admin\Resource\Http\Requests\FormRequest\InstanceTest" file="/app/tests/Feature/Http/Requests/FormRequest/InstanceTest.php" tests="1" assertions="1" errors="0" failures="0" skipped="0" time="0.021193">
        <testcase name="test_FormRequest_authorize_with_admin" file="/app/tests/Feature/Http/Requests/FormRequest/InstanceTest.php" line="19" class="Tests\Feature\Playground\Admin\Resource\Http\Requests\FormRequest\InstanceTest" classname="Tests.Feature.Playground.Admin.Resource.Http.Requests.FormRequest.InstanceTest" assertions="1" time="0.021193"/>
      </testsuite>
    </testsuite>
  </testsuite>
</testsuites>
